../Drivers/Q15_math/libmathq15.c:118:8:q15_to_dbl	16	static
../Drivers/Q15_math/libmathq15.c:122:7:q15_to_float	16	static
../Drivers/Q15_math/libmathq15.c:126:9:q15_to_int	24	static
../Drivers/Q15_math/libmathq15.c:137:7:q15_from_dbl	24	static
../Drivers/Q15_math/libmathq15.c:151:7:q15_from_float	24	static
../Drivers/Q15_math/libmathq15.c:165:7:q15_from_int	24	static
../Drivers/Q15_math/libmathq15.c:179:7:q15_mul	24	static
../Drivers/Q15_math/libmathq15.c:186:7:q15_div	32	static
../Drivers/Q15_math/libmathq15.c:210:7:q15_add	24	static
../Drivers/Q15_math/libmathq15.c:223:7:q15_abs	24	static
../Drivers/Q15_math/libmathq15.c:235:7:q15_sqrt	24	static
../Drivers/Q15_math/libmathq15.c:258:7:q15_sin	24	static
../Drivers/Q15_math/libmathq15.c:286:7:q15_sin90	32	static
../Drivers/Q15_math/libmathq15.c:318:7:q15_fast_sin	24	static
../Drivers/Q15_math/libmathq15.c:347:7:q15_fast_sin90	24	static
../Drivers/Q15_math/libmathq15.c:357:7:q15_cos	24	static
../Drivers/Q15_math/libmathq15.c:363:7:q15_fast_cos	24	static
../Drivers/Q15_math/libmathq15.c:371:7:q15_tan	32	static
../Drivers/Q15_math/libmathq15.c:392:7:q15_fast_tan	32	static
../Drivers/Q15_math/libmathq15.c:420:10:q15_atan2	32	static
